python : [Zenith Agent] 
Turn on 
models/gemini-2.5-flash 
failed: 429 
RESOURCE_EXHAUSTED. 
{'error': {'code': 429, 
'message': 'You exceeded 
your current quota, please 
check your plan and billing 
details. For more 
information on this error, 
head to: https://ai.google.d
ev/gemini-api/docs/rate-limi
ts. To monitor your current 
usage, head to: 
https://ai.dev/rate-limit. 
\n* Quota exceeded for 
metric: generativelanguage.g
oogleapis.com/generate_conte
nt_free_tier_requests, 
limit: 20, model: 
gemini-2.5-flash\nPlease 
retry in 33.625880351s.', 
'status': 
'RESOURCE_EXHAUSTED', 
'details': [{'@type': 'type.
googleapis.com/google.rpc.He
lp', 'links': 
[{'description': 'Learn 
more about Gemini API 
quotas', 'url': 'https://ai.
google.dev/gemini-api/docs/r
ate-limits'}]}, {'@type': 't
ype.googleapis.com/google.rp
c.QuotaFailure', 
'violations': 
[{'quotaMetric': 'generative
language.googleapis.com/gene
rate_content_free_tier_reque
sts', 'quotaId': 'GenerateRe
questsPerDayPerProjectPerMod
el-FreeTier', 
'quotaDimensions': 
{'model': 
'gemini-2.5-flash', 
'location': 'global'}, 
'quotaValue': '20'}]}, 
{'@type': 'type.googleapis.c
om/google.rpc.RetryInfo', 
'retryDelay': '33s'}]}}
At line:1 char:1
+ python verify_persona.py 
> test_output.txt 2>&1; 
Get-Content -Path te ...
+ ~~~~~~~~~~~~~~~~~~~~~~~~~~
~~~~~~~~~~~~~~~~~~~~~
    + CategoryInfo          
    : NotSpecified: ([Zeni  
  th Agent] ...lay': '33s   
 '}]}}:String) [], Remot    
eException
    + FullyQualifiedErrorId 
    : NativeCommandError
 
[Zenith Agent] Turn on 
models/gemini-2.0-flash 
failed: 429 
RESOURCE_EXHAUSTED. 
{'error': {'code': 429, 
'message': 'You exceeded 
your current quota, please 
check your plan and billing 
details. For more 
information on this error, 
head to: https://ai.google.d
ev/gemini-api/docs/rate-limi
ts. To monitor your current 
usage, head to: 
https://ai.dev/rate-limit. 
\n* Quota exceeded for 
metric: generativelanguage.g
oogleapis.com/generate_conte
nt_free_tier_requests, 
limit: 0, model: 
gemini-2.0-flash\n* Quota 
exceeded for metric: generat
ivelanguage.googleapis.com/g
enerate_content_free_tier_re
quests, limit: 0, model: 
gemini-2.0-flash\n* Quota 
exceeded for metric: generat
ivelanguage.googleapis.com/g
enerate_content_free_tier_in
put_token_count, limit: 0, 
model: 
gemini-2.0-flash\nPlease 
retry in 32.159342159s.', 
'status': 
'RESOURCE_EXHAUSTED', 
'details': [{'@type': 'type.
googleapis.com/google.rpc.He
lp', 'links': 
[{'description': 'Learn 
more about Gemini API 
quotas', 'url': 'https://ai.
google.dev/gemini-api/docs/r
ate-limits'}]}, {'@type': 't
ype.googleapis.com/google.rp
c.QuotaFailure', 
'violations': 
[{'quotaMetric': 'generative
language.googleapis.com/gene
rate_content_free_tier_reque
sts', 'quotaId': 'GenerateRe
questsPerDayPerProjectPerMod
el-FreeTier', 
'quotaDimensions': 
{'location': 'global', 
'model': 
'gemini-2.0-flash'}}, 
{'quotaMetric': 'generativel
anguage.googleapis.com/gener
ate_content_free_tier_reques
ts', 'quotaId': 'GenerateReq
uestsPerMinutePerProjectPerM
odel-FreeTier', 
'quotaDimensions': 
{'location': 'global', 
'model': 
'gemini-2.0-flash'}}, 
{'quotaMetric': 'generativel
anguage.googleapis.com/gener
ate_content_free_tier_input_
token_count', 'quotaId': 'Ge
nerateContentInputTokensPerM
odelPerMinute-FreeTier', 
'quotaDimensions': 
{'model': 
'gemini-2.0-flash', 
'location': 'global'}}]}, 
{'@type': 'type.googleapis.c
om/google.rpc.RetryInfo', 
'retryDelay': '32s'}]}}
[Zenith Agent] Turn on 
models/gemini-flash-latest 
failed: 429 
RESOURCE_EXHAUSTED. 
{'error': {'code': 429, 
'message': 'You exceeded 
your current quota, please 
check your plan and billing 
details. For more 
information on this error, 
head to: https://ai.google.d
ev/gemini-api/docs/rate-limi
ts. To monitor your current 
usage, head to: 
https://ai.dev/rate-limit. 
\n* Quota exceeded for 
metric: generativelanguage.g
oogleapis.com/generate_conte
nt_free_tier_requests, 
limit: 20, model: 
gemini-3-flash\nPlease 
retry in 30.74398631s.', 
'status': 
'RESOURCE_EXHAUSTED', 
'details': [{'@type': 'type.
googleapis.com/google.rpc.He
lp', 'links': 
[{'description': 'Learn 
more about Gemini API 
quotas', 'url': 'https://ai.
google.dev/gemini-api/docs/r
ate-limits'}]}, {'@type': 't
ype.googleapis.com/google.rp
c.QuotaFailure', 
'violations': 
[{'quotaMetric': 'generative
language.googleapis.com/gene
rate_content_free_tier_reque
sts', 'quotaId': 'GenerateRe
questsPerDayPerProjectPerMod
el-FreeTier', 
'quotaDimensions': 
{'location': 'global', 
'model': 'gemini-3-flash'}, 
'quotaValue': '20'}]}, 
{'@type': 'type.googleapis.c
om/google.rpc.RetryInfo', 
'retryDelay': '30s'}]}}
[Zenith Agent] Turn on model
s/gemini-2.0-flash-lite 
failed: 429 
RESOURCE_EXHAUSTED. 
{'error': {'code': 429, 
'message': 'You exceeded 
your current quota, please 
check your plan and billing 
details. For more 
information on this error, 
head to: https://ai.google.d
ev/gemini-api/docs/rate-limi
ts. To monitor your current 
usage, head to: 
https://ai.dev/rate-limit. 
\n* Quota exceeded for 
metric: generativelanguage.g
oogleapis.com/generate_conte
nt_free_tier_input_token_cou
nt, limit: 0, model: 
gemini-2.0-flash-lite\n* 
Quota exceeded for metric: g
enerativelanguage.googleapis
.com/generate_content_free_t
ier_requests, limit: 0, 
model: 
gemini-2.0-flash-lite\n* 
Quota exceeded for metric: g
enerativelanguage.googleapis
.com/generate_content_free_t
ier_requests, limit: 0, 
model: gemini-2.0-flash-lite
\nPlease retry in 
29.506725222s.', 'status': 
'RESOURCE_EXHAUSTED', 
'details': [{'@type': 'type.
googleapis.com/google.rpc.He
lp', 'links': 
[{'description': 'Learn 
more about Gemini API 
quotas', 'url': 'https://ai.
google.dev/gemini-api/docs/r
ate-limits'}]}, {'@type': 't
ype.googleapis.com/google.rp
c.QuotaFailure', 
'violations': 
[{'quotaMetric': 'generative
language.googleapis.com/gene
rate_content_free_tier_input
_token_count', 'quotaId': 'G
enerateContentInputTokensPer
ModelPerMinute-FreeTier', 
'quotaDimensions': 
{'location': 'global', 
'model': 
'gemini-2.0-flash-lite'}}, 
{'quotaMetric': 'generativel
anguage.googleapis.com/gener
ate_content_free_tier_reques
ts', 'quotaId': 'GenerateReq
uestsPerMinutePerProjectPerM
odel-FreeTier', 
'quotaDimensions': 
{'location': 'global', 
'model': 
'gemini-2.0-flash-lite'}}, 
{'quotaMetric': 'generativel
anguage.googleapis.com/gener
ate_content_free_tier_reques
ts', 'quotaId': 'GenerateReq
uestsPerDayPerProjectPerMode
l-FreeTier', 
'quotaDimensions': 
{'location': 'global', 
'model': 'gemini-2.0-flash-l
ite'}}]}, {'@type': 'type.go
ogleapis.com/google.rpc.Retr
yInfo', 'retryDelay': 
'29s'}]}}
[Zenith Agent] Turn on 
models/gemini-2.5-flash 
failed: 429 
RESOURCE_EXHAUSTED. 
{'error': {'code': 429, 
'message': 'You exceeded 
your current quota, please 
check your plan and billing 
details. For more 
information on this error, 
head to: https://ai.google.d
ev/gemini-api/docs/rate-limi
ts. To monitor your current 
usage, head to: 
https://ai.dev/rate-limit. 
\n* Quota exceeded for 
metric: generativelanguage.g
oogleapis.com/generate_conte
nt_free_tier_requests, 
limit: 20, model: 
gemini-2.5-flash\nPlease 
retry in 30.762865182s.', 
'status': 
'RESOURCE_EXHAUSTED', 
'details': [{'@type': 'type.
googleapis.com/google.rpc.He
lp', 'links': 
[{'description': 'Learn 
more about Gemini API 
quotas', 'url': 'https://ai.
google.dev/gemini-api/docs/r
ate-limits'}]}, {'@type': 't
ype.googleapis.com/google.rp
c.QuotaFailure', 
'violations': 
[{'quotaMetric': 'generative
language.googleapis.com/gene
rate_content_free_tier_reque
sts', 'quotaId': 'GenerateRe
questsPerDayPerProjectPerMod
el-FreeTier', 
'quotaDimensions': 
{'location': 'global', 
'model': 
'gemini-2.5-flash'}, 
'quotaValue': '20'}]}, 
{'@type': 'type.googleapis.c
om/google.rpc.RetryInfo', 
'retryDelay': '30s'}]}}
[Zenith Agent] Turn on 
models/gemini-2.0-flash 
failed: 429 
RESOURCE_EXHAUSTED. 
{'error': {'code': 429, 
'message': 'You exceeded 
your current quota, please 
check your plan and billing 
details. For more 
information on this error, 
head to: https://ai.google.d
ev/gemini-api/docs/rate-limi
ts. To monitor your current 
usage, head to: 
https://ai.dev/rate-limit. 
\n* Quota exceeded for 
metric: generativelanguage.g
oogleapis.com/generate_conte
nt_free_tier_input_token_cou
nt, limit: 0, model: 
gemini-2.0-flash\n* Quota 
exceeded for metric: generat
ivelanguage.googleapis.com/g
enerate_content_free_tier_re
quests, limit: 0, model: 
gemini-2.0-flash\n* Quota 
exceeded for metric: generat
ivelanguage.googleapis.com/g
enerate_content_free_tier_re
quests, limit: 0, model: 
gemini-2.0-flash\nPlease 
retry in 29.01624191s.', 
'status': 
'RESOURCE_EXHAUSTED', 
'details': [{'@type': 'type.
googleapis.com/google.rpc.He
lp', 'links': 
[{'description': 'Learn 
more about Gemini API 
quotas', 'url': 'https://ai.
google.dev/gemini-api/docs/r
ate-limits'}]}, {'@type': 't
ype.googleapis.com/google.rp
c.QuotaFailure', 
'violations': 
[{'quotaMetric': 'generative
language.googleapis.com/gene
rate_content_free_tier_input
_token_count', 'quotaId': 'G
enerateContentInputTokensPer
ModelPerMinute-FreeTier', 
'quotaDimensions': 
{'location': 'global', 
'model': 
'gemini-2.0-flash'}}, 
{'quotaMetric': 'generativel
anguage.googleapis.com/gener
ate_content_free_tier_reques
ts', 'quotaId': 'GenerateReq
uestsPerMinutePerProjectPerM
odel-FreeTier', 
'quotaDimensions': 
{'model': 
'gemini-2.0-flash', 
'location': 'global'}}, 
{'quotaMetric': 'generativel
anguage.googleapis.com/gener
ate_content_free_tier_reques
ts', 'quotaId': 'GenerateReq
uestsPerDayPerProjectPerMode
l-FreeTier', 
'quotaDimensions': 
{'location': 'global', 
'model': 
'gemini-2.0-flash'}}]}, 
{'@type': 'type.googleapis.c
om/google.rpc.RetryInfo', 
'retryDelay': '29s'}]}}
[Zenith Agent] Turn on 
models/gemini-flash-latest 
failed: 429 
RESOURCE_EXHAUSTED. 
{'error': {'code': 429, 
'message': 'You exceeded 
your current quota, please 
check your plan and billing 
details. For more 
information on this error, 
head to: https://ai.google.d
ev/gemini-api/docs/rate-limi
ts. To monitor your current 
usage, head to: 
https://ai.dev/rate-limit. 
\n* Quota exceeded for 
metric: generativelanguage.g
oogleapis.com/generate_conte
nt_free_tier_requests, 
limit: 20, model: 
gemini-3-flash\nPlease 
retry in 27.410852605s.', 
'status': 
'RESOURCE_EXHAUSTED', 
'details': [{'@type': 'type.
googleapis.com/google.rpc.He
lp', 'links': 
[{'description': 'Learn 
more about Gemini API 
quotas', 'url': 'https://ai.
google.dev/gemini-api/docs/r
ate-limits'}]}, {'@type': 't
ype.googleapis.com/google.rp
c.QuotaFailure', 
'violations': 
[{'quotaMetric': 'generative
language.googleapis.com/gene
rate_content_free_tier_reque
sts', 'quotaId': 'GenerateRe
questsPerDayPerProjectPerMod
el-FreeTier', 
'quotaDimensions': 
{'model': 'gemini-3-flash', 
'location': 'global'}, 
'quotaValue': '20'}]}, 
{'@type': 'type.googleapis.c
om/google.rpc.RetryInfo', 
'retryDelay': '27s'}]}}
[Zenith Agent] Turn on model
s/gemini-2.0-flash-lite 
failed: 429 
RESOURCE_EXHAUSTED. 
{'error': {'code': 429, 
'message': 'You exceeded 
your current quota, please 
check your plan and billing 
details. For more 
information on this error, 
head to: https://ai.google.d
ev/gemini-api/docs/rate-limi
ts. To monitor your current 
usage, head to: 
https://ai.dev/rate-limit. 
\n* Quota exceeded for 
metric: generativelanguage.g
oogleapis.com/generate_conte
nt_free_tier_input_token_cou
nt, limit: 0, model: 
gemini-2.0-flash-lite\n* 
Quota exceeded for metric: g
enerativelanguage.googleapis
.com/generate_content_free_t
ier_requests, limit: 0, 
model: 
gemini-2.0-flash-lite\n* 
Quota exceeded for metric: g
enerativelanguage.googleapis
.com/generate_content_free_t
ier_requests, limit: 0, 
model: gemini-2.0-flash-lite
\nPlease retry in 
25.893002189s.', 'status': 
'RESOURCE_EXHAUSTED', 
'details': [{'@type': 'type.
googleapis.com/google.rpc.He
lp', 'links': 
[{'description': 'Learn 
more about Gemini API 
quotas', 'url': 'https://ai.
google.dev/gemini-api/docs/r
ate-limits'}]}, {'@type': 't
ype.googleapis.com/google.rp
c.QuotaFailure', 
'violations': 
[{'quotaMetric': 'generative
language.googleapis.com/gene
rate_content_free_tier_input
_token_count', 'quotaId': 'G
enerateContentInputTokensPer
ModelPerMinute-FreeTier', 
'quotaDimensions': 
{'location': 'global', 
'model': 
'gemini-2.0-flash-lite'}}, 
{'quotaMetric': 'generativel
anguage.googleapis.com/gener
ate_content_free_tier_reques
ts', 'quotaId': 'GenerateReq
uestsPerMinutePerProjectPerM
odel-FreeTier', 
'quotaDimensions': 
{'location': 'global', 
'model': 
'gemini-2.0-flash-lite'}}, 
{'quotaMetric': 'generativel
anguage.googleapis.com/gener
ate_content_free_tier_reques
ts', 'quotaId': 'GenerateReq
uestsPerDayPerProjectPerMode
l-FreeTier', 
'quotaDimensions': 
{'location': 'global', 
'model': 'gemini-2.0-flash-l
ite'}}]}, {'@type': 'type.go
ogleapis.com/google.rpc.Retr
yInfo', 'retryDelay': 
'25s'}]}}

--- Persona Verification Test ---

User: just tell me my hotel name
Agent: Krish, your current operational anchor, the hotel we are focused on by default, is **Purva21**.

User: How many hotels do I manage?
Agent: You manage **4** hotels in your portfolio.

--- Persona Verification Complete ---
